MPLINK 5.08, LINKER
Linker Map File - Created Mon Aug 08 12:55:09 2016

                                 Section Info
                  Section       Type    Address   Location Size(Bytes)
                ---------  ---------  ---------  ---------  ---------
                   .org_0       code   0x000000    program   0x000186
                   .cinit    romdata   0x0000c3    program   0x000004
.config_2007_BUILD/DEFAULT/PRODUCTION/LCD16FA       code   0x002007    program   0x000002



                              Program Memory Usage 
                               Start         End      
                           ---------   ---------      
                            0x000000    0x0000c4      
                            0x002007    0x002007      
            198 out of 2182 program addresses used, program memory utilization is 9%



                              Symbols - Sorted by Name
                     Name    Address   Location    Storage File                     
                ---------  ---------  ---------  --------- ---------                
                  command   0x000061    program     static C:\Users\Julian Santos\MPLABXProjects\LCD16FAssembler.X\LCD16FASM.asm
                   ctrLCD   0x000099    program     static C:\Users\Julian Santos\MPLABXProjects\LCD16FAssembler.X\LCD16FASM.asm
                       d0   0x00008c    program     static C:\Users\Julian Santos\MPLABXProjects\LCD16FAssembler.X\LCD16FASM.asm
                       d1   0x00008f    program     static C:\Users\Julian Santos\MPLABXProjects\LCD16FAssembler.X\LCD16FASM.asm
                       d2   0x000095    program     static C:\Users\Julian Santos\MPLABXProjects\LCD16FAssembler.X\LCD16FASM.asm
                delay10ms   0x00008a    program     static C:\Users\Julian Santos\MPLABXProjects\LCD16FAssembler.X\LCD16FASM.asm
                delayW0ms   0x000094    program     static C:\Users\Julian Santos\MPLABXProjects\LCD16FAssembler.X\LCD16FASM.asm
                    init1   0x00002a    program     static C:\Users\Julian Santos\MPLABXProjects\LCD16FAssembler.X\LCD16FASM.asm
            initialconfig   0x00000f    program     static C:\Users\Julian Santos\MPLABXProjects\LCD16FAssembler.X\LCD16FASM.asm
            initialmsgLCD   0x000004    program     static C:\Users\Julian Santos\MPLABXProjects\LCD16FAssembler.X\LCD16FASM.asm
                 initmsg1   0x000005    program     static C:\Users\Julian Santos\MPLABXProjects\LCD16FAssembler.X\LCD16FASM.asm
                     main   0x000001    program     static C:\Users\Julian Santos\MPLABXProjects\LCD16FAssembler.X\LCD16FASM.asm
                     msg1   0x00009f    program     static C:\Users\Julian Santos\MPLABXProjects\LCD16FAssembler.X\LCD16FASM.asm
                     msg2   0x0000b1    program     static C:\Users\Julian Santos\MPLABXProjects\LCD16FAssembler.X\LCD16FASM.asm
                    pData   0x000038    program     static C:\Users\Julian Santos\MPLABXProjects\LCD16FAssembler.X\LCD16FASM.asm
              pulseEnable   0x000034    program     static C:\Users\Julian Santos\MPLABXProjects\LCD16FAssembler.X\LCD16FASM.asm



                              Symbols - Sorted by Address
                     Name    Address   Location    Storage File                     
                ---------  ---------  ---------  --------- ---------                
                     main   0x000001    program     static C:\Users\Julian Santos\MPLABXProjects\LCD16FAssembler.X\LCD16FASM.asm
            initialmsgLCD   0x000004    program     static C:\Users\Julian Santos\MPLABXProjects\LCD16FAssembler.X\LCD16FASM.asm
                 initmsg1   0x000005    program     static C:\Users\Julian Santos\MPLABXProjects\LCD16FAssembler.X\LCD16FASM.asm
            initialconfig   0x00000f    program     static C:\Users\Julian Santos\MPLABXProjects\LCD16FAssembler.X\LCD16FASM.asm
                    init1   0x00002a    program     static C:\Users\Julian Santos\MPLABXProjects\LCD16FAssembler.X\LCD16FASM.asm
              pulseEnable   0x000034    program     static C:\Users\Julian Santos\MPLABXProjects\LCD16FAssembler.X\LCD16FASM.asm
                    pData   0x000038    program     static C:\Users\Julian Santos\MPLABXProjects\LCD16FAssembler.X\LCD16FASM.asm
                  command   0x000061    program     static C:\Users\Julian Santos\MPLABXProjects\LCD16FAssembler.X\LCD16FASM.asm
                delay10ms   0x00008a    program     static C:\Users\Julian Santos\MPLABXProjects\LCD16FAssembler.X\LCD16FASM.asm
                       d0   0x00008c    program     static C:\Users\Julian Santos\MPLABXProjects\LCD16FAssembler.X\LCD16FASM.asm
                       d1   0x00008f    program     static C:\Users\Julian Santos\MPLABXProjects\LCD16FAssembler.X\LCD16FASM.asm
                delayW0ms   0x000094    program     static C:\Users\Julian Santos\MPLABXProjects\LCD16FAssembler.X\LCD16FASM.asm
                       d2   0x000095    program     static C:\Users\Julian Santos\MPLABXProjects\LCD16FAssembler.X\LCD16FASM.asm
                   ctrLCD   0x000099    program     static C:\Users\Julian Santos\MPLABXProjects\LCD16FAssembler.X\LCD16FASM.asm
                     msg1   0x00009f    program     static C:\Users\Julian Santos\MPLABXProjects\LCD16FAssembler.X\LCD16FASM.asm
                     msg2   0x0000b1    program     static C:\Users\Julian Santos\MPLABXProjects\LCD16FAssembler.X\LCD16FASM.asm


